2020-01-13T11:39:36+08:00	ERROR	log/zaplog1.go:47	fetching url:https://www.google.com error:Get https://www.google.com: dial tcp 208.43.170.231:443: connectex: A connection attempt failed because the connected party did not properly respond after a period of time, or established connection failed because connected host has failed to respond.
